[    0.000000] Linux version 4.15.0-91-generic (buildd@lgw01-amd64-013) (gcc version 7.4.0 (Ubuntu 7.4.0-1ubuntu1~18.04.1)) #92-Ubuntu SMP Fri Feb 28 11:09:48 UTC 2020 (Ubuntu 4.15.0-91.92-generic 4.15.18)
[    0.000000] Command line: BOOT_IMAGE=/boot/vmlinuz-4.15.0-91-generic root=LABEL=cloudimg-rootfs ro console=tty1 console=ttyS0
[    0.000000] KERNEL supported cpus:
[    0.000000]   Intel GenuineIntel
[    0.000000]   AMD AuthenticAMD
[    0.000000]   Centaur CentaurHauls
[    0.000000] x86/fpu: Supporting XSAVE feature 0x001: 'x87 floating point registers'
[    0.000000] x86/fpu: Supporting XSAVE feature 0x002: 'SSE registers'
[    0.000000] x86/fpu: Supporting XSAVE feature 0x004: 'AVX registers'
[    0.000000] x86/fpu: xstate_offset[2]:  576, xstate_sizes[2]:  256
[    0.000000] x86/fpu: Enabled xstate features 0x7, context size is 832 bytes, using 'standard' format.
[    0.000000] e820: BIOS-provided physical RAM map:
[    0.000000] BIOS-e820: [mem 0x0000000000000000-0x000000000009fbff] usable
[    0.000000] BIOS-e820: [mem 0x000000000009fc00-0x000000000009ffff] reserved
[    0.000000] BIOS-e820: [mem 0x00000000000f0000-0x00000000000fffff] reserved
[    0.000000] BIOS-e820: [mem 0x0000000000100000-0x000000003ffeffff] usable
[    0.000000] BIOS-e820: [mem 0x000000003fff0000-0x000000003fffffff] ACPI data
[    0.000000] BIOS-e820: [mem 0x00000000fec00000-0x00000000fec00fff] reserved
[    0.000000] BIOS-e820: [mem 0x00000000fee00000-0x00000000fee00fff] reserved
[    0.000000] BIOS-e820: [mem 0x00000000fffc0000-0x00000000ffffffff] reserved
[    0.000000] NX (Execute Disable) protection: active
[    0.000000] SMBIOS 2.5 present.
[    0.000000] DMI: innotek GmbH VirtualBox/VirtualBox, BIOS VirtualBox 12/01/2006
[    0.000000] Hypervisor detected: KVM
[    0.000000] e820: last_pfn = 0x3fff0 max_arch_pfn = 0x400000000
[    0.000000] MTRR: Disabled
[    0.000000] x86/PAT: MTRRs disabled, skipping PAT initialization too.
[    0.000000] CPU MTRRs all blank - virtualized system.
[    0.000000] x86/PAT: Configuration [0-7]: WB  WT  UC- UC  WB  WT  UC- UC  
[    0.000000] found SMP MP-table at [mem 0x0009fff0-0x0009ffff]
[    0.000000] Scanning 1 areas for low memory corruption
[    0.000000] RAMDISK: [mem 0x35a6d000-0x36d2dfff]
[    0.000000] ACPI: Early table checksum verification disabled
[    0.000000] ACPI: RSDP 0x00000000000E0000 000024 (v02 VBOX  )
[    0.000000] ACPI: XSDT 0x000000003FFF0030 00003C (v01 VBOX   VBOXXSDT 00000001 ASL  00000061)
[    0.000000] ACPI: FACP 0x000000003FFF00F0 0000F4 (v04 VBOX   VBOXFACP 00000001 ASL  00000061)
[    0.000000] ACPI: DSDT 0x000000003FFF0470 002325 (v02 VBOX   VBOXBIOS 00000002 INTL 20100528)
[    0.000000] ACPI: FACS 0x000000003FFF0200 000040
[    0.000000] ACPI: FACS 0x000000003FFF0200 000040
[    0.000000] ACPI: APIC 0x000000003FFF0240 00005C (v02 VBOX   VBOXAPIC 00000001 ASL  00000061)
[    0.000000] ACPI: SSDT 0x000000003FFF02A0 0001CC (v01 VBOX   VBOXCPUT 00000002 INTL 20100528)
[    0.000000] No NUMA configuration found
[    0.000000] Faking a node at [mem 0x0000000000000000-0x000000003ffeffff]
[    0.000000] NODE_DATA(0) allocated [mem 0x3ffc5000-0x3ffeffff]
[    0.000000] kvm-clock: cpu 0, msr 0:3ff44001, primary cpu clock
[    0.000000] kvm-clock: Using msrs 4b564d01 and 4b564d00
[    0.000000] kvm-clock: using sched offset of 5727047323 cycles
[    0.000000] clocksource: kvm-clock: mask: 0xffffffffffffffff max_cycles: 0x1cd42e4dffb, max_idle_ns: 881590591483 ns
[    0.000000] Zone ranges:
[    0.000000]   DMA      [mem 0x0000000000001000-0x0000000000ffffff]
[    0.000000]   DMA32    [mem 0x0000000001000000-0x000000003ffeffff]
[    0.000000]   Normal   empty
[    0.000000]   Device   empty
[    0.000000] Movable zone start for each node
[    0.000000] Early memory node ranges
[    0.000000]   node   0: [mem 0x0000000000001000-0x000000000009efff]
[    0.000000]   node   0: [mem 0x0000000000100000-0x000000003ffeffff]
[    0.000000] Reserved but unavailable: 98 pages
[    0.000000] Initmem setup node 0 [mem 0x0000000000001000-0x000000003ffeffff]
[    0.000000] ACPI: PM-Timer IO Port: 0x4008
[    0.000000] IOAPIC[0]: apic_id 2, version 32, address 0xfec00000, GSI 0-23
[    0.000000] ACPI: INT_SRC_OVR (bus 0 bus_irq 0 global_irq 2 dfl dfl)
[    0.000000] ACPI: INT_SRC_OVR (bus 0 bus_irq 9 global_irq 9 low level)
[    0.000000] Using ACPI (MADT) for SMP configuration information
[    0.000000] smpboot: Allowing 2 CPUs, 0 hotplug CPUs
[    0.000000] PM: Registered nosave memory: [mem 0x00000000-0x00000fff]
[    0.000000] PM: Registered nosave memory: [mem 0x0009f000-0x0009ffff]
[    0.000000] PM: Registered nosave memory: [mem 0x000a0000-0x000effff]
[    0.000000] PM: Registered nosave memory: [mem 0x000f0000-0x000fffff]
[    0.000000] e820: [mem 0x40000000-0xfebfffff] available for PCI devices
[    0.000000] Booting paravirtualized kernel on KVM
[    0.000000] clocksource: refined-jiffies: mask: 0xffffffff max_cycles: 0xffffffff, max_idle_ns: 7645519600211568 ns
[    0.000000] random: get_random_bytes called from start_kernel+0x99/0x4fd with crng_init=0
[    0.000000] setup_percpu: NR_CPUS:8192 nr_cpumask_bits:2 nr_cpu_ids:2 nr_node_ids:1
[    0.000000] percpu: Embedded 45 pages/cpu s147456 r8192 d28672 u1048576
[    0.000000] PV qspinlock hash table entries: 256 (order: 0, 4096 bytes)
[    0.000000] Built 1 zonelists, mobility grouping on.  Total pages: 257913
[    0.000000] Policy zone: DMA32
[    0.000000] Kernel command line: BOOT_IMAGE=/boot/vmlinuz-4.15.0-91-generic root=LABEL=cloudimg-rootfs ro console=tty1 console=ttyS0
[    0.000000] Memory: 983064K/1048120K available (12300K kernel code, 2481K rwdata, 4264K rodata, 2432K init, 2712K bss, 65056K reserved, 0K cma-reserved)
[    0.000000] SLUB: HWalign=64, Order=0-3, MinObjects=0, CPUs=2, Nodes=1
[    0.000000] Kernel/User page tables isolation: enabled
[    0.000000] ftrace: allocating 39347 entries in 154 pages
[    0.004000] Hierarchical RCU implementation.
[    0.004000] 	RCU restricting CPUs from NR_CPUS=8192 to nr_cpu_ids=2.
[    0.004000] 	Tasks RCU enabled.
[    0.004000] RCU: Adjusting geometry for rcu_fanout_leaf=16, nr_cpu_ids=2
[    0.004000] NR_IRQS: 524544, nr_irqs: 440, preallocated irqs: 16
[    0.004000] Console: colour VGA+ 80x25
[    0.004000] console [tty1] enabled
[    0.004000] console [ttyS0] enabled
[    0.004000] ACPI: Core revision 20170831
[    0.004000] ACPI: 2 ACPI AML tables successfully acquired and loaded
[    0.004000] APIC: Switch to symmetric I/O mode setup
[    0.004000] x2apic enabled
[    0.004000] Switched APIC routing to physical x2apic.
[    0.005148] ..TIMER: vector=0x30 apic1=0 pin1=2 apic2=-1 pin2=-1
[    0.008005] tsc: Detected 1799.999 MHz processor
[    0.009444] Calibrating delay loop (skipped) preset value.. 3599.99 BogoMIPS (lpj=7199996)
[    0.010545] pid_max: default: 32768 minimum: 301
[    0.012039] Security Framework initialized
[    0.013416] Yama: becoming mindful.
[    0.014579] AppArmor: AppArmor initialized
[    0.016180] Dentry cache hash table entries: 131072 (order: 8, 1048576 bytes)
[    0.020077] Inode-cache hash table entries: 65536 (order: 7, 524288 bytes)
[    0.022964] Mount-cache hash table entries: 2048 (order: 2, 16384 bytes)
[    0.024008] Mountpoint-cache hash table entries: 2048 (order: 2, 16384 bytes)
[    0.028283] Last level iTLB entries: 4KB 64, 2MB 8, 4MB 8
[    0.029951] Last level dTLB entries: 4KB 64, 2MB 0, 4MB 0, 1GB 4
[    0.032003] Spectre V1 : Mitigation: usercopy/swapgs barriers and __user pointer sanitization
[    0.034627] Spectre V2 : Mitigation: Full generic retpoline
[    0.036003] Spectre V2 : Spectre v2 / SpectreRSB mitigation: Filling RSB on context switch
[    0.040002] Speculative Store Bypass: Vulnerable
[    0.041497] MDS: Vulnerable: Clear CPU buffers attempted, no microcode
[    0.043636] Freeing SMP alternatives memory: 36K
[    0.154904] smpboot: CPU0: Intel(R) Core(TM) i5-5350U CPU @ 1.80GHz (family: 0x6, model: 0x3d, stepping: 0x4)
[    0.156000] Performance Events: unsupported p6 CPU model 61 no PMU driver, software events only.
[    0.156039] Hierarchical SRCU implementation.
[    0.160145] NMI watchdog: Perf event create on CPU 0 failed with -2
[    0.162235] NMI watchdog: Perf NMI watchdog permanently disabled
[    0.164070] smp: Bringing up secondary CPUs ...
[    0.165584] x86: Booting SMP configuration:
[    0.166899] .... node  #0, CPUs:      #1
[    0.004000] kvm-clock: cpu 1, msr 0:3ff44041, secondary cpu clock
[    0.172029] smp: Brought up 1 node, 2 CPUs
[    0.173715] smpboot: Max logical packages: 1
[    0.176009] smpboot: Total of 2 processors activated (7199.99 BogoMIPS)
[    0.178310] devtmpfs: initialized
[    0.180062] x86/mm: Memory block size: 128MB
[    0.181992] evm: security.selinux
[    0.184005] evm: security.SMACK64
[    0.188006] evm: security.SMACK64EXEC
[    0.189725] evm: security.SMACK64TRANSMUTE
[    0.192006] evm: security.SMACK64MMAP
[    0.193755] evm: security.apparmor
[    0.196006] evm: security.ima
[    0.197365] evm: security.capability
[    0.199125] clocksource: jiffies: mask: 0xffffffff max_cycles: 0xffffffff, max_idle_ns: 7645041785100000 ns
[    0.200020] futex hash table entries: 512 (order: 3, 32768 bytes)
[    0.205603] pinctrl core: initialized pinctrl subsystem
[    0.208140] RTC time:  7:03:34, date: 03/21/20
[    0.209673] NET: Registered protocol family 16
[    0.212085] audit: initializing netlink subsys (disabled)
[    0.213876] audit: type=2000 audit(1584774221.327:1): state=initialized audit_enabled=0 res=1
[    0.216017] cpuidle: using governor ladder
[    0.220008] cpuidle: using governor menu
[    0.221355] ACPI: bus type PCI registered
[    0.222739] acpiphp: ACPI Hot Plug PCI Controller Driver version: 0.5
[    0.224148] PCI: Using configuration type 1 for base access
[    0.228917] HugeTLB registered 2.00 MiB page size, pre-allocated 0 pages
[    0.232064] ACPI: Added _OSI(Module Device)
[    0.233497] ACPI: Added _OSI(Processor Device)
[    0.234888] ACPI: Added _OSI(3.0 _SCP Extensions)
[    0.236004] ACPI: Added _OSI(Processor Aggregator Device)
[    0.237905] ACPI: Added _OSI(Linux-Dell-Video)
[    0.239324] ACPI: Added _OSI(Linux-Lenovo-NV-HDMI-Audio)
[    0.240004] ACPI: Added _OSI(Linux-HPI-Hybrid-Graphics)
[    0.242168] ACPI: Executed 1 blocks of module-level executable AML code
[    0.249505] ACPI: Interpreter enabled
[    0.251087] ACPI: (supports S0 S5)
[    0.252006] ACPI: Using IOAPIC for interrupt routing
[    0.254102] PCI: Using host bridge windows from ACPI; if necessary, use "pci=nocrs" and report a bug
[    0.256306] ACPI: Enabled 2 GPEs in block 00 to 07
[    0.269740] ACPI: PCI Root Bridge [PCI0] (domain 0000 [bus 00-ff])
[    0.272016] acpi PNP0A03:00: _OSC: OS supports [ASPM ClockPM Segments MSI]
[    0.276194] acpi PNP0A03:00: _OSC: not requesting OS control; OS requires [ExtendedConfig ASPM ClockPM MSI]
[    0.279279] acpi PNP0A03:00: fail to add MMCONFIG information, can't access extended PCI configuration space under this bridge.
[    0.284720] PCI host bridge to bus 0000:00
[    0.286362] pci_bus 0000:00: root bus resource [io  0x0000-0x0cf7 window]
[    0.288004] pci_bus 0000:00: root bus resource [io  0x0d00-0xffff window]
[    0.290275] pci_bus 0000:00: root bus resource [mem 0x000a0000-0x000bffff window]
[    0.292005] pci_bus 0000:00: root bus resource [mem 0x40000000-0xfdffffff window]
[    0.296003] pci_bus 0000:00: root bus resource [bus 00-ff]
[    0.302382] pci 0000:00:01.1: legacy IDE quirk: reg 0x10: [io  0x01f0-0x01f7]
[    0.304005] pci 0000:00:01.1: legacy IDE quirk: reg 0x14: [io  0x03f6]
[    0.306105] pci 0000:00:01.1: legacy IDE quirk: reg 0x18: [io  0x0170-0x0177]
[    0.308005] pci 0000:00:01.1: legacy IDE quirk: reg 0x1c: [io  0x0376]
[    0.338006] pci 0000:00:07.0: quirk: [io  0x4000-0x403f] claimed by PIIX4 ACPI
[    0.340026] pci 0000:00:07.0: quirk: [io  0x4100-0x410f] claimed by PIIX4 SMB
[    0.353135] ACPI: PCI Interrupt Link [LNKA] (IRQs 5 9 10 *11)
[    0.355516] ACPI: PCI Interrupt Link [LNKB] (IRQs 5 9 *10 11)
[    0.356187] ACPI: PCI Interrupt Link [LNKC] (IRQs 5 *9 10 11)
[    0.358234] ACPI: PCI Interrupt Link [LNKD] (IRQs 5 9 10 *11)
[    0.360525] SCSI subsystem initialized
[    0.364135] pci 0000:00:02.0: vgaarb: setting as boot VGA device
[    0.366583] pci 0000:00:02.0: vgaarb: VGA device added: decodes=io+mem,owns=io+mem,locks=none
[    0.368007] pci 0000:00:02.0: vgaarb: bridge control possible
[    0.369985] vgaarb: loaded
[    0.372040] ACPI: bus type USB registered
[    0.373711] usbcore: registered new interface driver usbfs
[    0.375488] usbcore: registered new interface driver hub
[    0.376035] usbcore: registered new device driver usb
[    0.380060] EDAC MC: Ver: 3.0.0
[    0.380422] PCI: Using ACPI for IRQ routing
[    0.384008] NetLabel: Initializing
[    0.384008] NetLabel:  domain hash size = 128
[    0.384008] NetLabel:  protocols = UNLABELED CIPSOv4 CALIPSO
[    0.385916] NetLabel:  unlabeled traffic allowed by default
[    0.388112] clocksource: Switched to clocksource kvm-clock
[    0.404413] VFS: Disk quotas dquot_6.6.0
[    0.405866] VFS: Dquot-cache hash table entries: 512 (order 0, 4096 bytes)
[    0.408641] AppArmor: AppArmor Filesystem Enabled
[    0.410388] pnp: PnP ACPI init
[    0.413295] pnp: PnP ACPI: found 3 devices
[    0.420262] clocksource: acpi_pm: mask: 0xffffff max_cycles: 0xffffff, max_idle_ns: 2085701024 ns
[    0.423431] NET: Registered protocol family 2
[    0.425024] TCP established hash table entries: 8192 (order: 4, 65536 bytes)
[    0.427247] TCP bind hash table entries: 8192 (order: 5, 131072 bytes)
[    0.431314] TCP: Hash tables configured (established 8192 bind 8192)
[    0.433576] UDP hash table entries: 512 (order: 2, 16384 bytes)
[    0.435398] UDP-Lite hash table entries: 512 (order: 2, 16384 bytes)
[    0.437458] NET: Registered protocol family 1
[    0.438825] pci 0000:00:00.0: Limiting direct PCI/PCI transfers
[    0.441053] pci 0000:00:01.0: Activating ISA DMA hang workarounds
[    0.443302] pci 0000:00:02.0: Video device with shadowed ROM at [mem 0x000c0000-0x000dffff]
[    0.446092] Unpacking initramfs...
[    0.756186] Freeing initrd memory: 19204K
[    0.758099] clocksource: tsc: mask: 0xffffffffffffffff max_cycles: 0x19f228ab7a2, max_idle_ns: 440795289252 ns
[    0.762370] platform rtc_cmos: registered platform RTC device (no PNP device found)
[    0.765132] Scanning for low memory corruption every 60 seconds
[    0.767688] Initialise system trusted keyrings
[    0.769262] Key type blacklist registered
[    0.770631] workingset: timestamp_bits=36 max_order=18 bucket_order=0
[    0.774306] zbud: loaded
[    0.776663] squashfs: version 4.0 (2009/01/31) Phillip Lougher
[    0.778987] fuse init (API version 7.26)
[    0.787128] Key type asymmetric registered
[    0.788801] Asymmetric key parser 'x509' registered
[    0.790417] Block layer SCSI generic (bsg) driver version 0.4 loaded (major 246)
[    0.793168] io scheduler noop registered
[    0.794418] io scheduler deadline registered
[    0.795888] io scheduler cfq registered (default)
[    0.798306] ACPI: AC Adapter [AC] (off-line)
[    0.799709] input: Power Button as /devices/LNXSYSTM:00/LNXPWRBN:00/input/input0
[    0.802301] ACPI: Power Button [PWRF]
[    0.803702] input: Sleep Button as /devices/LNXSYSTM:00/LNXSLPBN:00/input/input1
[    0.806107] ACPI: Sleep Button [SLPF]
[    0.807736] Serial: 8250/16550 driver, 32 ports, IRQ sharing enabled
[    0.810420] ACPI: Battery Slot [BAT0] (battery present)
[    0.834608] 00:02: ttyS0 at I/O 03f8 (irq = 4, base_baud = 115200) is  16550A
[    0.841569] Linux agpgart interface v0.103
[    0.844247] loop: module loaded
[    0.846126] scsi host0: ata_piix
[    0.847600] scsi host1: ata_piix
[    0.848802] ata1: PATA max UDMA/33 cmd 0x1f0 ctl 0x3f6 bmdma 0xd000 irq 14
[    0.851222] ata2: PATA max UDMA/33 cmd 0x170 ctl 0x376 bmdma 0xd008 irq 15
[    0.853997] libphy: Fixed MDIO Bus: probed
[    0.855326] tun: Universal TUN/TAP device driver, 1.6
[    0.856984] PPP generic driver version 2.4.2
[    0.858374] ehci_hcd: USB 2.0 'Enhanced' Host Controller (EHCI) Driver
[    0.861167] ehci-pci: EHCI PCI platform driver
[    0.863034] ehci-platform: EHCI generic platform driver
[    0.865277] ohci_hcd: USB 1.1 'Open' Host Controller (OHCI) Driver
[    0.867554] ohci-pci: OHCI PCI platform driver
[    0.869075] ohci-platform: OHCI generic platform driver
[    0.870725] uhci_hcd: USB Universal Host Controller Interface driver
[    0.873191] i8042: PNP: PS/2 Controller [PNP0303:PS2K,PNP0f03:PS2M] at 0x60,0x64 irq 1,12
[    0.876332] serio: i8042 KBD port at 0x60,0x64 irq 1
[    0.877908] serio: i8042 AUX port at 0x60,0x64 irq 12
[    0.879552] mousedev: PS/2 mouse device common for all mice
[    0.881761] input: AT Translated Set 2 keyboard as /devices/platform/i8042/serio0/input/input2
[    0.885088] rtc_cmos rtc_cmos: rtc core: registered rtc_cmos as rtc0
[    0.887317] rtc_cmos rtc_cmos: alarms up to one day, 114 bytes nvram
[    0.889389] i2c /dev entries driver
[    0.890694] device-mapper: uevent: version 1.0.3
[    0.892530] device-mapper: ioctl: 4.37.0-ioctl (2017-09-20) initialised: dm-devel@redhat.com
[    0.895181] ledtrig-cpu: registered to indicate activity on CPUs
[    0.897599] NET: Registered protocol family 10
[    0.902858] Segment Routing with IPv6
[    0.904058] NET: Registered protocol family 17
[    0.905677] Key type dns_resolver registered
[    0.907313] mce: Using 0 MCE banks
[    0.908496] RAS: Correctable Errors collector initialized.
[    0.910240] sched_clock: Marking stable (908470896, 0)->(1271659637, -363188741)
[    0.913763] registered taskstats version 1
[    0.915189] Loading compiled-in X.509 certificates
[    0.919367] Loaded X.509 cert 'Build time autogenerated kernel key: d019e8c5f4cbc828f6af43369f65a014a3a68371'
[    0.923381] zswap: loaded using pool lzo/zbud
[    0.929806] Key type big_key registered
[    0.931481] Key type trusted registered
[    0.936189] Key type encrypted registered
[    0.937532] AppArmor: AppArmor sha1 policy hashing enabled
[    0.939508] ima: No TPM chip found, activating TPM-bypass! (rc=-19)
[    0.941726] ima: Allocated hash algorithm: sha1
[    0.943619] evm: HMAC attrs: 0x1
[    0.945494]   Magic number: 12:811:66
[    0.947000] rtc_cmos rtc_cmos: setting system clock to 2020-03-21 07:03:35 UTC (1584774215)
[    0.949956] BIOS EDD facility v0.16 2004-Jun-25, 0 devices found
[    0.952526] EDD information not available.
[    1.053928] Freeing unused kernel image memory: 2432K
[    1.068662] Write protecting the kernel read-only data: 20480k
[    1.071493] Freeing unused kernel image memory: 2008K
[    1.073527] Freeing unused kernel image memory: 1880K
[    1.081858] x86/mm: Checked W+X mappings: passed, no W+X pages found.
[    1.084147] x86/mm: Checking user space page tables
[    1.091977] x86/mm: Checked W+X mappings: passed, no W+X pages found.
Loading, please wait...
starting version 237
[    1.183167] e1000: Intel(R) PRO/1000 Network Driver - version 7.3.21-k8-NAPI
[    1.185608] e1000: Copyright (c) 1999-2006 Intel Corporation.
[    1.190635] Fusion MPT base driver 3.04.20
[    1.191950] Copyright (c) 1999-2008 LSI Corporation
[    1.218558] AVX2 version of gcm_enc/dec engaged.
[    1.220563] AES CTR mode by8 optimization enabled
[    1.228914] Fusion MPT SPI Host driver 3.04.20
[    1.441247] input: ImExPS/2 Generic Explorer Mouse as /devices/platform/i8042/serio1/input/input4
[    1.819882] e1000 0000:00:03.0 eth0: (PCI:33MHz:32-bit) 02:f6:b1:f5:69:0d
[    1.824404] e1000 0000:00:03.0 eth0: Intel(R) PRO/1000 Network Connection
[    1.829671] mptbase: ioc0: Initiating bringup
[    1.829673] e1000 0000:00:03.0 enp0s3: renamed from eth0
[    1.940603] ioc0: LSI53C1030 A0: Capabilities={Initiator}
[    2.188565] scsi host2: ioc0: LSI53C1030 A0, FwRev=00000000h, Ports=1, MaxQ=256, IRQ=20
[    2.357978] scsi 2:0:0:0: Direct-Access     VBOX     HARDDISK         1.0  PQ: 0 ANSI: 5
[    2.912149] scsi target2:0:0: Beginning Domain Validation
[    2.916320] scsi target2:0:0: Domain Validation skipping write tests
[    2.918247] scsi target2:0:0: Ending Domain Validation
[    2.919895] scsi target2:0:0: asynchronous
[    2.921710] scsi 2:0:1:0: Direct-Access     VBOX     HARDDISK         1.0  PQ: 0 ANSI: 5
[    3.779958] scsi target2:0:1: Beginning Domain Validation
[    3.784413] random: fast init done
[    3.785988] scsi target2:0:1: Domain Validation skipping write tests
[    3.787911] scsi target2:0:1: Ending Domain Validation
[    3.789597] scsi target2:0:1: asynchronous
[    3.796023] random: systemd-udevd: uninitialized urandom read (16 bytes read)
[    3.798278] random: systemd-udevd: uninitialized urandom read (16 bytes read)
[    3.800510] random: systemd-udevd: uninitialized urandom read (16 bytes read)
[    3.803012] sd 2:0:0:0: Attached scsi generic sg0 type 0
[    3.804829] sd 2:0:0:0: [sda] 20971520 512-byte logical blocks: (10.7 GB/10.0 GiB)
[    3.807248] sd 2:0:0:0: [sda] Write Protect is off
[    3.809015] sd 2:0:0:0: [sda] Incomplete mode parameter data
[    3.810894] sd 2:0:0:0: [sda] Assuming drive cache: write through
[    3.814115] sd 2:0:1:0: [sdb] 20480 512-byte logical blocks: (10.5 MB/10.0 MiB)
[    3.817583] sd 2:0:1:0: [sdb] Write Protect is off
[    3.819764] sd 2:0:1:0: Attached scsi generic sg1 type 0
[    3.819773] sd 2:0:1:0: [sdb] Incomplete mode parameter data
[    3.824211] sd 2:0:1:0: [sdb] Assuming drive cache: write through
[    3.828800]  sda: sda1
[    3.831547] sd 2:0:0:0: [sda] Attached SCSI disk
[    3.833805] sd 2:0:1:0: [sdb] Attached SCSI disk
Begin: Loading essential drivers ... [    5.336092] raid6: sse2x1   gen()  9345 MB/s
[    5.384177] raid6: sse2x1   xor()  6254 MB/s
[    5.432183] raid6: sse2x2   gen() 11094 MB/s
[    5.480041] raid6: sse2x2   xor()  6838 MB/s
[    5.528139] raid6: sse2x4   gen()  8463 MB/s
[    5.580334] raid6: sse2x4   xor()  4298 MB/s
[    5.632542] raid6: avx2x1   gen()  5343 MB/s
[    5.680293] raid6: avx2x1   xor() 10488 MB/s
[    5.728208] raid6: avx2x2   gen() 21505 MB/s
[    5.776059] raid6: avx2x2   xor() 12114 MB/s
[    5.824199] raid6: avx2x4   gen() 23685 MB/s
[    5.872242] raid6: avx2x4   xor() 15001 MB/s
[    5.874045] raid6: using algorithm avx2x4 gen() 23685 MB/s
[    5.876090] raid6: .... xor() 15001 MB/s, rmw enabled
[    5.877732] raid6: using avx2x2 recovery algorithm
[    5.880996] xor: automatically using best checksumming function   avx       
[    5.885117] async_tx: api initialized (async)
done.
Begin: Running /scripts/init-premount ... done.
Begin: Mounting root file system ... Begin: Running /scripts/local-top ... done.
Begin: Running /scripts/local-premount ... [    5.944963] Btrfs loaded, crc32c=crc32c-intel
Scanning for Btrfs filesystems
done.
Warning: fsck not present, so skipping root file system
[    6.011120] EXT4-fs (sda1): mounted filesystem with ordered data mode. Opts: (null)
done.
Begin: Running /scripts/local-bottom ... done.
Begin: Running /scripts/init-bottom ... done.
[    6.418817] ip_tables: (C) 2000-2006 Netfilter Core Team
[    6.446769] systemd[1]: systemd 237 running in system mode. (+PAM +AUDIT +SELINUX +IMA +APPARMOR +SMACK +SYSVINIT +UTMP +LIBCRYPTSETUP +GCRYPT +GNUTLS +ACL +XZ +LZ4 +SECCOMP +BLKID +ELFUTILS +KMOD -IDN2 +IDN -PCRE2 default-hierarchy=hybrid)
[    6.455118] systemd[1]: Detected virtualization oracle.
[    6.456984] systemd[1]: Detected architecture x86-64.

Welcome to [1mUbuntu 18.04.4 LTS[0m!

[    6.470118] systemd[1]: Set hostname to <ubuntu>.
[    6.479579] systemd[1]: Initializing machine ID from random generator.
[    6.481995] systemd[1]: Installed transient /etc/machine-id file.
[    7.127960] systemd[1]: Reached target User and Group Name Lookups.
[[0;32m  OK  [0m] Reached target User and Group Name Lookups.
[    7.135294] systemd[1]: Created slice User and Session Slice.
[[0;32m  OK  [0m] Created slice User and Session Slice.
[    7.139093] systemd[1]: Started Forward Password Requests to Wall Directory Watch.
[[0;32m  OK  [0m] Started Forward Password Requests to Wall Directory Watch.
[    7.143821] systemd[1]: Created slice System Slice.
[[0;32m  OK  [0m] Created slice System Slice.
[[0;32m  OK  [0m] Listening on udev Control Socket.
[[0;32m  OK  [0m] Listening on Journal Audit Socket.
[[0;32m  OK  [0m] Listening on Syslog Socket.
[[0;32m  OK  [0m] Created slice system-serial\x2dgetty.slice.
[[0;32m  OK  [0m] Listening on Network Service Netlink Socket.
[[0;32m  OK  [0m] Listening on Journal Socket.
         Mounting Kernel Debug File System...
         Starting Create list of required stâ€¦ce nodes for the current kernel...
         Mounting Huge Pages File System...
         Mounting POSIX Message Queue File System...
[[0;32m  OK  [0m] Listening on udev Kernel Socket.
[[0;32m  OK  [0m] Listening on Device-mapper event daemon FIFOs.
[[0;32m  OK  [0m] Reached target Swap.
         Starting Set the console keyboard layout...
         Starting Remount Root and Kernel File Systems...
[[0;32m  OK  [0m] Listening on LVM2 poll daemon socket.
[[0;32m  OK  [0m] Listening on Journal Socket (/dev/log).
         Starting Journal Service...
[[0;32m  OK  [0m] Reached target System Time Synchronized.
[[0;32m  OK  [0m] Reached target Slices.
         Starting Load Kernel Modules...
         Starting Uncomplicated firewall...
[    7.215794] EXT4-fs (sda1): re-mounted. Opts: (null)
         Starting udev Coldplug all Devices...
[[0;32m  OK  [0m] Set up automount Arbitrary Executabâ€¦rmats File System Automount Point.
[    7.256680] Loading iSCSI transport class v2.0-870.
[[0;32m  OK  [0m] Listening on /dev/initctl Compatibility Named Pipe.
[[0;32m  OK  [0m] Listening on LVM2 metadata daemon socket.
         Starting Monitoring of LVM2 mirrorsâ€¦ng dmeventd or progress polling...
[[0;32m  OK  [0m] Started Journal Service.
[[0;32m  OK  [0m] Mounted Kernel Debug File System.
[[0;32m  OK  [0m] Started Create list of required staâ€¦vice nodes for the current kernel.
[[0;32m  OK  [0m] Mounted Huge Pages File System.
[[0;32m  OK  [0m] Mounted POSIX Message Queue File System.
[[0;32m  OK  [0m] Started Remount Root and Kernel File Systems.
[[0;32m  OK  [0m] Started Uncomplicated firewall.
         Starting Load/Save Random Seed...
         Starting Create Static Device Nodes in /dev...
         Starting Flush Journal to Persistent Storage...
[[0;32m  OK  [0m] Started udev Coldplug all Devices.
[    7.382297] iscsi: registered transport (tcp)
[[0;32m  OK  [0m] Started LVM2 metadata daemon.
[    7.407472] iscsi: registered transport (iser)
[[0;32m  OK  [0m] Started Load Kernel Modules.
         Mounting FUSE Control File System...
         Starting Apply Kernel Variables...
         Mounting Kernel Configuration File System...
[[0;32m  OK  [0m] Mounted Kernel Configuration File System.
[[0;32m  OK  [0m] Mounted FUSE Control File System.
[    7.442960] systemd-journald[391]: Received request to flush runtime journal from PID 1
[[0;32m  OK  [0m] Started Set the console keyboard layout.
[[0;32m  OK  [0m] Started Load/Save Random Seed.
[[0;32m  OK  [0m] Started Create Static Device Nodes in /dev.
         Starting udev Kernel Device Manager...
[[0;32m  OK  [0m] Started Monitoring of LVM2 mirrors,â€¦sing dmeventd or progress polling.
[[0;32m  OK  [0m] Reached target Local File Systems (Pre).
[[0;32m  OK  [0m] Reached target Local File Systems.
         Starting ebtables ruleset management...
         Starting Commit a transient machine-id on disk...
         Starting AppArmor initialization...
         Starting Set console font and keymap...
         Starting Tell Plymouth To Write Out Runtime Data...
[[0;32m  OK  [0m] Started Apply Kernel Variables.
[[0;32m  OK  [0m] Started Flush Journal to Persistent Storage.
         Starting Create Volatile Files and Directories...
[[0;32m  OK  [0m] Started Set console font and keymap.
[[0;32m  OK  [0m] Started Tell Plymouth To Write Out Runtime Data.
[[0;32m  OK  [0m] Started Commit a transient machine-id on disk.
[[0;32m  OK  [0m] Started Create Volatile Files and Directories.
         Starting Update UTMP about System Boot/Shutdown...
[[0;32m  OK  [0m] Started udev Kernel Device Manager.
[[0;32m  OK  [0m] Started Dispatch Password Requests to Console Directory Watch.
[[0;32m  OK  [0m] Reached target Local Encrypted Volumes.
[[0;32m  OK  [0m] Started Update UTMP about System Boot/Shutdown.
[[0;32m  OK  [0m] Started ebtables ruleset management.
[[0;32m  OK  [0m] Found device /dev/ttyS0.
[[0;32m  OK  [0m] Listening on Load/Save RF Kill Switch Status /dev/rfkill Watch.
[[0;32m  OK  [0m] Started AppArmor initialization.
         Starting Initial cloud-init job (pre-networking)...
[   10.763669] cloud-init[542]: Cloud-init v. 19.4-33-gbb4131a2-0ubuntu1~18.04.1 running 'init-local' at Sat, 21 Mar 2020 07:03:44 +0000. Up 10.33 seconds.
[[0;32m  OK  [0m] Started Initial cloud-init job (pre-networking).
[[0;32m  OK  [0m] Reached target Network (Pre).
         Starting Network Service...
[[0;32m  OK  [0m] Started Network Service.
         Starting Network Name Resolution...
         Starting Wait for Network to be Configured...
[[0;32m  OK  [0m] Started Network Name Resolution.
[[0;32m  OK  [0m] Reached target Host and Network Name Lookups.
[[0;32m  OK  [0m] Reached target Network.
[[0;32m  OK  [0m] Started Wait for Network to be Configured.
         Starting Initial cloud-init job (metadata service crawler)...
[   13.120437] cloud-init[656]: Cloud-init v. 19.4-33-gbb4131a2-0ubuntu1~18.04.1 running 'init' at Sat, 21 Mar 2020 07:03:47 +0000. Up 12.95 seconds.
[   13.125204] cloud-init[656]: ci-info: ++++++++++++++++++++++++++++++++++++++Net device info++++++++++++++++++++++++++++++++++++++
[   13.129134] cloud-init[656]: ci-info: +--------+------+----------------------------+---------------+--------+-------------------+
[   13.133201] cloud-init[656]: ci-info: | Device |  Up  |          Address           |      Mask     | Scope  |     Hw-Address    |
[   13.136996] cloud-init[656]: ci-info: +--------+------+----------------------------+---------------+--------+-------------------+
[   13.141013] cloud-init[656]: ci-info: | enp0s3 | True |         10.0.2.15          | 255.255.255.0 | global | 02:f6:b1:f5:69:0d |
[   13.144340] cloud-init[656]: ci-info: | enp0s3 | True | fe80::f6:b1ff:fef5:690d/64 |       .       |  link  | 02:f6:b1:f5:69:0d |
[   13.148318] cloud-init[656]: ci-info: |   lo   | True |         127.0.0.1          |   255.0.0.0   |  host  |         .         |
[   13.152055] cloud-init[656]: ci-info: |   lo   | True |          ::1/128           |       .       |  host  |         .         |
[   13.164376] cloud-init[656]: ci-info: +--------+------+----------------------------+---------------+--------+-------------------+
[   13.168054] cloud-init[656]: ci-info: ++++++++++++++++++++++++++++Route IPv4 info+++++++++++++++++++++++++++++
[   13.171320] cloud-init[656]: ci-info: +-------+-------------+----------+-----------------+-----------+-------+
[   13.174703] cloud-init[656]: ci-info: | Route | Destination | Gateway  |     Genmask     | Interface | Flags |
[   13.178144] cloud-init[656]: ci-info: +-------+-------------+----------+-----------------+-----------+-------+
[   13.180941] cloud-init[656]: ci-info: |   0   |   0.0.0.0   | 10.0.2.2 |     0.0.0.0     |   enp0s3  |   UG  |
[   13.184288] cloud-init[656]: ci-info: |   1   |   10.0.2.0  | 0.0.0.0  |  255.255.255.0  |   enp0s3  |   U   |
[   13.187620] cloud-init[656]: ci-info: |   2   |   10.0.2.2  | 0.0.0.0  | 255.255.255.255 |   enp0s3  |   UH  |
[   13.190919] cloud-init[656]: ci-info: +-------+-------------+----------+-----------------+-----------+-------+
[   13.194162] cloud-init[656]: ci-info: +++++++++++++++++++Route IPv6 info+++++++++++++++++++
[   13.196901] cloud-init[656]: ci-info: +-------+-------------+---------+-----------+-------+
[   13.199574] cloud-init[656]: ci-info: | Route | Destination | Gateway | Interface | Flags |
[   13.202750] cloud-init[656]: ci-info: +-------+-------------+---------+-----------+-------+
[   13.205763] cloud-init[656]: ci-info: |   1   |  fe80::/64  |    ::   |   enp0s3  |   U   |
[   13.208857] cloud-init[656]: ci-info: |   3   |    local    |    ::   |   enp0s3  |   U   |
[   13.211799] cloud-init[656]: ci-info: |   4   |   ff00::/8  |    ::   |   enp0s3  |   U   |
[   13.214471] cloud-init[656]: ci-info: +-------+-------------+---------+-----------+-------+
[   15.100151] cloud-init[656]: Generating public/private rsa key pair.
[   15.102533] cloud-init[656]: Your identification has been saved in /etc/ssh/ssh_host_rsa_key.
[   15.112365] cloud-init[656]: Your public key has been saved in /etc/ssh/ssh_host_rsa_key.pub.
[   15.114902] cloud-init[656]: The key fingerprint is:
[   15.116443] cloud-init[656]: SHA256:FMm8EtQkxCFCOHN5rofspKh7SM6Bo2/roODqO6FJB50 root@ubuntu-bionic
[   15.119475] cloud-init[656]: The key's randomart image is:
[   15.121519] cloud-init[656]: +---[RSA 2048]----+
[   15.122701] cloud-init[656]: | oo..+=*o.       |
[   15.124495] cloud-init[656]: |+ o...o.=.       |
[   15.126198] cloud-init[656]: | +.o.  ...       |
[   15.127827] cloud-init[656]: | . E. ...        |
[   15.129410] cloud-init[656]: |...o   .S        |
[   15.131253] cloud-init[656]: |o==..            |
[   15.132798] cloud-init[656]: |@B+.             |
[   15.134267] cloud-init[656]: |@=+              |
[   15.135797] cloud-init[656]: |OX*.             |
[   15.137401] cloud-init[656]: +----[SHA256]-----+
[   15.139008] cloud-init[656]: Generating public/private dsa key pair.
[   15.141211] cloud-init[656]: Your identification has been saved in /etc/ssh/ssh_host_dsa_key.
[   15.152405] cloud-init[656]: Your public key has been saved in /etc/ssh/ssh_host_dsa_key.pub.
[   15.154902] cloud-init[656]: The key fingerprint is:
[   15.156888] cloud-init[656]: SHA256:vYlH80fOkeEB3jzZDUR+S7eMdZ3P+JVIh1Ma/ksdYFQ root@ubuntu-bionic
[   15.159903] cloud-init[656]: The key's randomart image is:
[   15.161724] cloud-init[656]: +---[DSA 1024]----+
[   15.163010] cloud-init[656]: |            oB=E |
[   15.164352] cloud-init[656]: |           .o=*++|
[   15.165686] cloud-init[656]: |            .*O*B|
[   15.166919] cloud-init[656]: |         .  ..XOX|
[   15.168194] cloud-init[656]: |        S +  o*B=|
[   15.169391] cloud-init[656]: |         o = +.oo|
[   15.170644] cloud-init[656]: |        . + . +..|
[   15.172194] cloud-init[656]: |         .   .   |
[   15.173830] cloud-init[656]: |                 |
[   15.175453] cloud-init[656]: +----[SHA256]-----+
[   15.176785] cloud-init[656]: Generating public/private ecdsa key pair.
[   15.178992] cloud-init[656]: Your identification has been saved in /etc/ssh/ssh_host_ecdsa_key.
[   15.181758] cloud-init[656]: Your public key has been saved in /etc/ssh/ssh_host_ecdsa_key.pub.
[   15.184794] cloud-init[656]: The key fingerprint is:
[   15.186613] cloud-init[656]: SHA256:a2J9q+tHryzGhGxxoeVDPenAoPDpSVDTQ1TvCAAYUeU root@ubuntu-bionic
[   15.189615] cloud-init[656]: The key's randomart image is:
[   15.191317] cloud-init[656]: +---[ECDSA 256]---+
[   15.192721] cloud-init[656]: |o==+=+++.. .     |
[   15.194216] cloud-init[656]: |.  = =o *.+      |
[   15.195572] cloud-init[656]: |    E .* +..     |
[   15.196957] cloud-init[656]: |   o .o.+o.      |
[   15.198303] cloud-init[656]: |    o. +S..      |
[   15.199480] cloud-init[656]: |      +....      |
[   15.201205] cloud-init[656]: |     .oo+...     |
[   15.202492] cloud-init[656]: |     . o+o...    |
[   15.203714] cloud-init[656]: |       o+=+.     |
[   15.205116] cloud-init[656]: +----[SHA256]-----+
[   15.206344] cloud-init[656]: Generating public/private ed25519 key pair.
[   15.208152] cloud-init[656]: Your identification has been saved in /etc/ssh/ssh_host_ed25519_key.
[   15.210511] cloud-init[656]: Your public key has been saved in /etc/ssh/ssh_host_ed25519_key.pub.
[   15.213165] cloud-init[656]: The key fingerprint is:
[   15.214619] cloud-init[656]: SHA256:PPoH3GchRsBr3dJHzE7028XtLglrnoyB2lOjXw0uHNs root@ubuntu-bionic
[   15.217745] cloud-init[656]: The key's randomart image is:
[   15.219363] cloud-init[656]: +--[ED25519 256]--+
[   15.220582] cloud-init[656]: |       ...   +.  |
[   15.221972] cloud-init[656]: |        . .   =o.|
[   15.223610] cloud-init[656]: |         + o +  =|
[   15.225258] cloud-init[656]: |       .o = + o.+|
[   15.226919] cloud-init[656]: |       oSo.ooo .o|
[   15.228551] cloud-init[656]: |       .o++=o= o |
[   15.230107] cloud-init[656]: |      . .+=+E + .|
[   15.231860] cloud-init[656]: |       +o .O . . |
[   15.233632] cloud-init[656]: |      . o+o +    |
[   15.235349] cloud-init[656]: +----[SHA256]-----+
[[0;32m  OK  [0m] Started Initial cloud-init job (metadata service crawler).
[[0;32m  OK  [0m] Reached target Cloud-config availability.
[[0;32m  OK  [0m] Reached target Network is Online.
         Starting Availability of block devices...
[[0;32m  OK  [0m] Reached target Remote File Systems (Pre).
[[0;32m  OK  [0m] Reached target Remote File Systems.
[[0;32m  OK  [0m] Reached target System Initialization.
[[0;32m  OK  [0m] Listening on ACPID Listen Socket.
         Starting Socket activation for snappy daemon.
[[0;32m  OK  [0m] Started Daily Cleanup of Temporary Directories.
[[0;32m  OK  [0m] Listening on Open-iSCSI iscsid Socket.
         Starting LXD - unix socket.
[[0;32m  OK  [0m] Started Daily apt download activities.
[[0;32m  OK  [0m] Started Daily apt upgrade and clean activities.
[[0;32m  OK  [0m] Started ACPI Events Check.
[[0;32m  OK  [0m] Started Discard unused blocks once a week.
[[0;32m  OK  [0m] Listening on UUID daemon activation socket.
[[0;32m  OK  [0m] Reached target Paths.
[[0;32m  OK  [0m] Started Message of the Day.
[[0;32m  OK  [0m] Reached target Timers.
[[0;32m  OK  [0m] Listening on D-Bus System Message Bus Socket.
[[0;32m  OK  [0m] Started Availability of block devices.
[[0;32m  OK  [0m] Listening on Socket activation for snappy daemon.
[[0;32m  OK  [0m] Listening on LXD - unix socket.
[[0;32m  OK  [0m] Reached target Sockets.
[[0;32m  OK  [0m] Reached target Basic System.
         Starting LXD - container startup/shutdown...
         Starting Pollinate to seed the pseudo random number generator...
         Starting LSB: automatic crash report generation...
[[0;32m  OK  [0m] Started Deferred execution scheduler.
         Starting Accounts Service...
[[0;32m  OK  [0m] Started Regular background program processing daemon.
         Starting Login Service...
[[0;32m  OK  [0m] Started irqbalance daemon.
         Starting LSB: Record successful boot for GRUB...
         Starting System Logging Service...
         Starting Permit User Sessions...
         Starting Dispatcher daemon for systemd-networkd...
         Starting Snappy daemon...
[[0;32m  OK  [0m] Started FUSE filesystem for LXC.
[[0;32m  OK  [0m] Started D-Bus System Message Bus.
[[0;32m  OK  [0m] Started Login Service.
[[0;32m  OK  [0m] Started Unattended Upgrades Shutdown.
         Starting Virtualbox guest utils...
[[0;32m  OK  [0m] Started System Logging Service.
[[0;32m  OK  [0m] Started LXD - container startup/shutdown.
[[0;32m  OK  [0m] Started Permit User Sessions.
         Starting Terminate Plymouth Boot Screen...
         Starting Hold until boot process finishes up...
[[0;32m  OK  [0m] Started Hold until boot process finishes up.
[[0;32m  OK  [0m] Started Serial Getty on ttyS0.
         Starting Set console scheme...
[[0;32m  OK  [0m] Started Terminate Plymouth Boot Screen.
[[0;32m  OK  [0m] Started Set console scheme.
[[0;32m  OK  [0m] Created slice system-getty.slice.
[[0;32m  OK  [0m] Started Getty on tty1.
[[0;32m  OK  [0m] Reached target Login Prompts.
[[0;32m  OK  [0m] Started LSB: automatic crash report generation.
[[0;32m  OK  [0m] Started LSB: Record successful boot for GRUB.
         Starting Authorization Manager...
[[0;32m  OK  [0m] Started Authorization Manager.
[[0;32m  OK  [0m] Started Accounts Service.
[[0;32m  OK  [0m] Started Virtualbox guest utils.
[[0;32m  OK  [0m] Started Dispatcher daemon for systemd-networkd.
[[0;32m  OK  [0m] Started Snappy daemon.
         Starting Wait until snapd is fully seeded...

Ubuntu 18.04.4 LTS ubuntu-bionic ttyS0

ubuntu-bionic login: [   23.969703] cloud-init[1230]: Cloud-init v. 19.4-33-gbb4131a2-0ubuntu1~18.04.1 running 'modules:config' at Sat, 21 Mar 2020 07:03:57 +0000. Up 22.72 seconds.
ci-info: no authorized SSH keys fingerprints found for user ubuntu.
<14>Mar 21 07:03:59 ec2: 
<14>Mar 21 07:03:59 ec2: #############################################################
<14>Mar 21 07:03:59 ec2: -----BEGIN SSH HOST KEY FINGERPRINTS-----
<14>Mar 21 07:03:59 ec2: 1024 SHA256:vYlH80fOkeEB3jzZDUR+S7eMdZ3P+JVIh1Ma/ksdYFQ root@ubuntu-bionic (DSA)
<14>Mar 21 07:03:59 ec2: 256 SHA256:a2J9q+tHryzGhGxxoeVDPenAoPDpSVDTQ1TvCAAYUeU root@ubuntu-bionic (ECDSA)
<14>Mar 21 07:03:59 ec2: 256 SHA256:PPoH3GchRsBr3dJHzE7028XtLglrnoyB2lOjXw0uHNs root@ubuntu-bionic (ED25519)
<14>Mar 21 07:03:59 ec2: 2048 SHA256:FMm8EtQkxCFCOHN5rofspKh7SM6Bo2/roODqO6FJB50 root@ubuntu-bionic (RSA)
<14>Mar 21 07:03:59 ec2: -----END SSH HOST KEY FINGERPRINTS-----
<14>Mar 21 07:03:59 ec2: #############################################################
-----BEGIN SSH HOST KEY KEYS-----
ecdsa-sha2-nistp256 AAAAE2VjZHNhLXNoYTItbmlzdHAyNTYAAAAIbmlzdHAyNTYAAABBBCmgDJzviVxcGACRtYFbZTB0fJgIcQCLl87trrb/hjwUMzh48j+Rm/1f65viy42dXTKF+wW1RLggZmgYd47sPAU= root@ubuntu-bionic
ssh-ed25519 AAAAC3NzaC1lZDI1NTE5AAAAII5FuMclGCT4Wne77rUIUaJ1GZvuChkcvtNmv3+Fr15m root@ubuntu-bionic
ssh-rsa AAAAB3NzaC1yc2EAAAADAQABAAABAQC922m81qzPYsZajDbUFOCr6V2EuoeCrvj5xkEZ9V86FBFMjk7xy1cOjVLrGKbn+dZV3w88zIYPKf8jGgLTrDOs8vXGtU2K81BvBCjE/dLCSJ1qHEHEyRxKbZHa6zbsJfg3+OfRpRrpnaO8ApnBRBfnl5Gw78GVdIX5rEsvDSXta98wYoMw0XsiiM0LoNuPIFVYkfvENZt4+QFLCT/PmqfWLoH9NRoMhD2UGYa2lvkc3DzRYonudv9PUmoHZrRz3TifICZSpZLNiKubl7xSqhvSkSfYhief2apZI3cp2dCh/gavVfjkIIarlZPeAtWJX/e3mVmEhnb6vt8VhcXR5HZd root@ubuntu-bionic
-----END SSH HOST KEY KEYS-----
[   25.040671] cloud-init[1355]: Cloud-init v. 19.4-33-gbb4131a2-0ubuntu1~18.04.1 running 'modules:final' at Sat, 21 Mar 2020 07:03:59 +0000. Up 24.82 seconds.
[   25.040774] cloud-init[1355]: ci-info: no authorized SSH keys fingerprints found for user ubuntu.
[   25.040825] cloud-init[1355]: Cloud-init v. 19.4-33-gbb4131a2-0ubuntu1~18.04.1 finished at Sat, 21 Mar 2020 07:03:59 +0000. Datasource DataSourceNoCloud [seed=/dev/sdb][dsmode=net].  Up 25.02 seconds
